  Determining projects to restore...
/Users/sliedig/Dev/github.com/aws-samples/aws-serverless-developer-experience-workshop-dotnet/Unicorn.Web/Common/Common.csproj : warning NU1901: Package 'AWSSDK.Core' 4.0.1.1 has a known low severity vulnerability, https://github.com/advisories/GHSA-9cvc-h2w8-phrp [/Users/sliedig/Dev/github.com/aws-samples/aws-serverless-developer-experience-workshop-dotnet/UnicornProperties.sln]
/Users/sliedig/Dev/github.com/aws-samples/aws-serverless-developer-experience-workshop-dotnet/Unicorn.Web/PublicationManagerService/PublicationManagerService.csproj : warning NU1901: Package 'AWSSDK.Core' 4.0.1.1 has a known low severity vulnerability, https://github.com/advisories/GHSA-9cvc-h2w8-phrp [/Users/sliedig/Dev/github.com/aws-samples/aws-serverless-developer-experience-workshop-dotnet/UnicornProperties.sln]
/Users/sliedig/Dev/github.com/aws-samples/aws-serverless-developer-experience-workshop-dotnet/Unicorn.Contracts/ContractsService.Test/ContractsService.Tests.csproj : warning NU1901: Package 'AWSSDK.Core' 4.0.1.1 has a known low severity vulnerability, https://github.com/advisories/GHSA-9cvc-h2w8-phrp [/Users/sliedig/Dev/github.com/aws-samples/aws-serverless-developer-experience-workshop-dotnet/UnicornProperties.sln]
/Users/sliedig/Dev/github.com/aws-samples/aws-serverless-developer-experience-workshop-dotnet/Unicorn.Approvals/ApprovalsService.Tests/ApprovalsService.Tests.csproj : warning NU1901: Package 'AWSSDK.Core' 4.0.1.1 has a known low severity vulnerability, https://github.com/advisories/GHSA-9cvc-h2w8-phrp [/Users/sliedig/Dev/github.com/aws-samples/aws-serverless-developer-experience-workshop-dotnet/UnicornProperties.sln]
/Users/sliedig/Dev/github.com/aws-samples/aws-serverless-developer-experience-workshop-dotnet/Unicorn.Web/PublicationManagerService.Tests/PublicationManagerService.Tests.csproj : warning NU1901: Package 'AWSSDK.Core' 4.0.1.1 has a known low severity vulnerability, https://github.com/advisories/GHSA-9cvc-h2w8-phrp [/Users/sliedig/Dev/github.com/aws-samples/aws-serverless-developer-experience-workshop-dotnet/UnicornProperties.sln]
/Users/sliedig/Dev/github.com/aws-samples/aws-serverless-developer-experience-workshop-dotnet/Unicorn.Web/SearchService/SearchService.csproj : warning NU1901: Package 'AWSSDK.Core' 4.0.1.1 has a known low severity vulnerability, https://github.com/advisories/GHSA-9cvc-h2w8-phrp [/Users/sliedig/Dev/github.com/aws-samples/aws-serverless-developer-experience-workshop-dotnet/UnicornProperties.sln]
/Users/sliedig/Dev/github.com/aws-samples/aws-serverless-developer-experience-workshop-dotnet/Unicorn.Web/SearchService.Tests/SearchService.Tests.csproj : warning NU1901: Package 'AWSSDK.Core' 4.0.1.1 has a known low severity vulnerability, https://github.com/advisories/GHSA-9cvc-h2w8-phrp [/Users/sliedig/Dev/github.com/aws-samples/aws-serverless-developer-experience-workshop-dotnet/UnicornProperties.sln]
/Users/sliedig/Dev/github.com/aws-samples/aws-serverless-developer-experience-workshop-dotnet/Unicorn.Approvals/ApprovalsService/ApprovalsService.csproj : warning NU1901: Package 'AWSSDK.Core' 4.0.1.1 has a known low severity vulnerability, https://github.com/advisories/GHSA-9cvc-h2w8-phrp [/Users/sliedig/Dev/github.com/aws-samples/aws-serverless-developer-experience-workshop-dotnet/UnicornProperties.sln]
/Users/sliedig/Dev/github.com/aws-samples/aws-serverless-developer-experience-workshop-dotnet/Unicorn.Contracts/ContractsService/ContractsService.csproj : warning NU1901: Package 'AWSSDK.Core' 4.0.1.1 has a known low severity vulnerability, https://github.com/advisories/GHSA-9cvc-h2w8-phrp [/Users/sliedig/Dev/github.com/aws-samples/aws-serverless-developer-experience-workshop-dotnet/UnicornProperties.sln]
  All projects are up-to-date for restore.
/Users/sliedig/Dev/github.com/aws-samples/aws-serverless-developer-experience-workshop-dotnet/Unicorn.Web/Common/Common.csproj : warning NU1901: Package 'AWSSDK.Core' 4.0.1.1 has a known low severity vulnerability, https://github.com/advisories/GHSA-9cvc-h2w8-phrp
/Users/sliedig/Dev/github.com/aws-samples/aws-serverless-developer-experience-workshop-dotnet/Unicorn.Approvals/ApprovalsService.Tests/ApprovalsService.Tests.csproj : warning NU1901: Package 'AWSSDK.Core' 4.0.1.1 has a known low severity vulnerability, https://github.com/advisories/GHSA-9cvc-h2w8-phrp
/Users/sliedig/Dev/github.com/aws-samples/aws-serverless-developer-experience-workshop-dotnet/Unicorn.Web/PublicationManagerService.Tests/PublicationManagerService.Tests.csproj : warning NU1901: Package 'AWSSDK.Core' 4.0.1.1 has a known low severity vulnerability, https://github.com/advisories/GHSA-9cvc-h2w8-phrp
/Users/sliedig/Dev/github.com/aws-samples/aws-serverless-developer-experience-workshop-dotnet/Unicorn.Web/SearchService.Tests/SearchService.Tests.csproj : warning NU1901: Package 'AWSSDK.Core' 4.0.1.1 has a known low severity vulnerability, https://github.com/advisories/GHSA-9cvc-h2w8-phrp
/Users/sliedig/Dev/github.com/aws-samples/aws-serverless-developer-experience-workshop-dotnet/Unicorn.Contracts/ContractsService.Test/ContractsService.Tests.csproj : warning NU1901: Package 'AWSSDK.Core' 4.0.1.1 has a known low severity vulnerability, https://github.com/advisories/GHSA-9cvc-h2w8-phrp
/Users/sliedig/Dev/github.com/aws-samples/aws-serverless-developer-experience-workshop-dotnet/Unicorn.Approvals/ApprovalsService/ApprovalsService.csproj : warning NU1901: Package 'AWSSDK.Core' 4.0.1.1 has a known low severity vulnerability, https://github.com/advisories/GHSA-9cvc-h2w8-phrp
/Users/sliedig/Dev/github.com/aws-samples/aws-serverless-developer-experience-workshop-dotnet/Unicorn.Contracts/ContractsService/ContractsService.csproj : warning NU1901: Package 'AWSSDK.Core' 4.0.1.1 has a known low severity vulnerability, https://github.com/advisories/GHSA-9cvc-h2w8-phrp
  Common -> /Users/sliedig/Dev/github.com/aws-samples/aws-serverless-developer-experience-workshop-dotnet/Unicorn.Web/Common/bin/Debug/net10.0/Unicorn.Web.Common.dll
Test run for /Users/sliedig/Dev/github.com/aws-samples/aws-serverless-developer-experience-workshop-dotnet/Unicorn.Web/Common/bin/Debug/net10.0/Unicorn.Web.Common.dll (.NETCoreApp,Version=v10.0)
  ApprovalsService -> /Users/sliedig/Dev/github.com/aws-samples/aws-serverless-developer-experience-workshop-dotnet/Unicorn.Approvals/ApprovalsService/bin/Debug/net10.0/Unicorn.Approvals.ApprovalsService.dll
VSTest version 18.0.1 (arm64)

/Users/sliedig/Dev/github.com/aws-samples/aws-serverless-developer-experience-workshop-dotnet/Unicorn.Contracts/ContractsService/ContractEventHandler.cs(118,26): warning CS8602: Dereference of a possibly null reference. [/Users/sliedig/Dev/github.com/aws-samples/aws-serverless-developer-experience-workshop-dotnet/Unicorn.Contracts/ContractsService/ContractsService.csproj]
/Users/sliedig/Dev/github.com/aws-samples/aws-serverless-developer-experience-workshop-dotnet/Unicorn.Contracts/ContractsService/ContractEventHandler.cs(149,59): warning CS8602: Dereference of a possibly null reference. [/Users/sliedig/Dev/github.com/aws-samples/aws-serverless-developer-experience-workshop-dotnet/Unicorn.Contracts/ContractsService/ContractsService.csproj]
Starting test execution, please wait...
A total of 1 test files matched the specified pattern.
  ContractsService -> /Users/sliedig/Dev/github.com/aws-samples/aws-serverless-developer-experience-workshop-dotnet/Unicorn.Contracts/ContractsService/bin/Debug/net10.0/Unicorn.Contracts.ContractService.dll
  ApprovalsService.Tests -> /Users/sliedig/Dev/github.com/aws-samples/aws-serverless-developer-experience-workshop-dotnet/Unicorn.Approvals/ApprovalsService.Tests/bin/Debug/net10.0/Unicorn.Approvals.ApprovalsService.Tests.dll
Test run for /Users/sliedig/Dev/github.com/aws-samples/aws-serverless-developer-experience-workshop-dotnet/Unicorn.Approvals/ApprovalsService.Tests/bin/Debug/net10.0/Unicorn.Approvals.ApprovalsService.Tests.dll (.NETCoreApp,Version=v10.0)
VSTest version 18.0.1 (arm64)

Starting test execution, please wait...
A total of 1 test files matched the specified pattern.
  ContractsService.Tests -> /Users/sliedig/Dev/github.com/aws-samples/aws-serverless-developer-experience-workshop-dotnet/Unicorn.Contracts/ContractsService.Test/bin/Debug/net10.0/Unicorn.Contracts.ContractService.Tests.dll
Test run for /Users/sliedig/Dev/github.com/aws-samples/aws-serverless-developer-experience-workshop-dotnet/Unicorn.Contracts/ContractsService.Test/bin/Debug/net10.0/Unicorn.Contracts.ContractService.Tests.dll (.NETCoreApp,Version=v10.0)
No test is available in /Users/sliedig/Dev/github.com/aws-samples/aws-serverless-developer-experience-workshop-dotnet/Unicorn.Web/Common/bin/Debug/net10.0/Unicorn.Web.Common.dll. Make sure that test discoverer & executors are registered and platform & framework version settings are appropriate and try again.
VSTest version 18.0.1 (arm64)

Starting test execution, please wait...
A total of 1 test files matched the specified pattern.

Additionally, path to test adapters can be specified using /TestAdapterPath command. Example  /TestAdapterPath:<pathToCustomAdapters>.
/Users/sliedig/Dev/github.com/aws-samples/aws-serverless-developer-experience-workshop-dotnet/Unicorn.Web/SearchService/SearchService.csproj : warning NU1901: Package 'AWSSDK.Core' 4.0.1.1 has a known low severity vulnerability, https://github.com/advisories/GHSA-9cvc-h2w8-phrp
/Users/sliedig/Dev/github.com/aws-samples/aws-serverless-developer-experience-workshop-dotnet/Unicorn.Web/PublicationManagerService/PublicationManagerService.csproj : warning NU1901: Package 'AWSSDK.Core' 4.0.1.1 has a known low severity vulnerability, https://github.com/advisories/GHSA-9cvc-h2w8-phrp
  SearchService -> /Users/sliedig/Dev/github.com/aws-samples/aws-serverless-developer-experience-workshop-dotnet/Unicorn.Web/SearchService/bin/Debug/net10.0/Unicorn.Web.SearchService.dll
/Users/sliedig/Dev/github.com/aws-samples/aws-serverless-developer-experience-workshop-dotnet/Unicorn.Web/PublicationManagerService/RequestApprovalFunction.cs(112,30): warning CS8602: Dereference of a possibly null reference. [/Users/sliedig/Dev/github.com/aws-samples/aws-serverless-developer-experience-workshop-dotnet/Unicorn.Web/PublicationManagerService/PublicationManagerService.csproj]
  SearchService.Tests -> /Users/sliedig/Dev/github.com/aws-samples/aws-serverless-developer-experience-workshop-dotnet/Unicorn.Web/SearchService.Tests/bin/Debug/net10.0/Unicorn.Web.SearchService.Tests.dll
Test run for /Users/sliedig/Dev/github.com/aws-samples/aws-serverless-developer-experience-workshop-dotnet/Unicorn.Web/SearchService.Tests/bin/Debug/net10.0/Unicorn.Web.SearchService.Tests.dll (.NETCoreApp,Version=v10.0)
VSTest version 18.0.1 (arm64)

Starting test execution, please wait...

Passed!  - Failed:     0, Passed:     4, Skipped:     0, Total:     4, Duration: 341 ms - Unicorn.Approvals.ApprovalsService.Tests.dll (net10.0)
A total of 1 test files matched the specified pattern.

Passed!  - Failed:     0, Passed:     2, Skipped:     0, Total:     2, Duration: 277 ms - Unicorn.Contracts.ContractService.Tests.dll (net10.0)
  AspectInjector|2.8.1: Found 0 aspects, 9 injections

Passed!  - Failed:     0, Passed:     1, Skipped:     0, Total:     1, Duration: 190 ms - Unicorn.Web.SearchService.Tests.dll (net10.0)
  PublicationManagerService -> /Users/sliedig/Dev/github.com/aws-samples/aws-serverless-developer-experience-workshop-dotnet/Unicorn.Web/PublicationManagerService/bin/Debug/net10.0/Unicorn.Web.PublicationManagerService.dll
  PublicationManagerService.Tests -> /Users/sliedig/Dev/github.com/aws-samples/aws-serverless-developer-experience-workshop-dotnet/Unicorn.Web/PublicationManagerService.Tests/bin/Debug/net10.0/Unicorn.Web.PublicationManagerService.Tests.dll
Test run for /Users/sliedig/Dev/github.com/aws-samples/aws-serverless-developer-experience-workshop-dotnet/Unicorn.Web/PublicationManagerService.Tests/bin/Debug/net10.0/Unicorn.Web.PublicationManagerService.Tests.dll (.NETCoreApp,Version=v10.0)
VSTest version 18.0.1 (arm64)

Starting test execution, please wait...
A total of 1 test files matched the specified pattern.

Passed!  - Failed:     0, Passed:     2, Skipped:     0, Total:     2, Duration: 202 ms - Unicorn.Web.PublicationManagerService.Tests.dll (net10.0)
